{
  "version": "1.5.0",
  "plugins_used": [
    {
      "name": "ArtifactoryDetector"
    },
    {
      "name": "AWSKeyDetector"
    },
    {
      "name": "AzureStorageKeyDetector"
    },
    {
      "name": "Base64HighEntropyString",
      "limit": 4.5
    },
    {
      "name": "BasicAuthDetector"
    },
    {
      "name": "CloudantDetector"
    },
    {
      "name": "DiscordBotTokenDetector"
    },
    {
      "name": "GitHubTokenDetector"
    },
    {
      "name": "GitLabTokenDetector"
    },
    {
      "name": "HexHighEntropyString",
      "limit": 3.0
    },
    {
      "name": "IbmCloudIamDetector"
    },
    {
      "name": "IbmCosHmacDetector"
    },
    {
      "name": "IPPublicDetector"
    },
    {
      "name": "JwtTokenDetector"
    },
    {
      "name": "KeywordDetector",
      "keyword_exclude": ""
    },
    {
      "name": "MailchimpDetector"
    },
    {
      "name": "NpmDetector"
    },
    {
      "name": "OpenAIDetector"
    },
    {
      "name": "PrivateKeyDetector"
    },
    {
      "name": "PypiTokenDetector"
    },
    {
      "name": "SendGridDetector"
    },
    {
      "name": "SlackDetector"
    },
    {
      "name": "SoftlayerDetector"
    },
    {
      "name": "SquareOAuthDetector"
    },
    {
      "name": "StripeDetector"
    },
    {
      "name": "TelegramBotTokenDetector"
    },
    {
      "name": "TwilioKeyDetector"
    }
  ],
  "filters_used": [
    {
      "path": "detect_secrets.filters.allowlist.is_line_allowlisted"
    },
    {
      "path": "detect_secrets.filters.common.is_ignored_due_to_verification_policies",
      "min_level": 2
    },
    {
      "path": "detect_secrets.filters.heuristic.is_indirect_reference"
    },
    {
      "path": "detect_secrets.filters.heuristic.is_likely_id_string"
    },
    {
      "path": "detect_secrets.filters.heuristic.is_lock_file"
    },
    {
      "path": "detect_secrets.filters.heuristic.is_not_alphanumeric_string"
    },
    {
      "path": "detect_secrets.filters.heuristic.is_potential_uuid"
    },
    {
      "path": "detect_secrets.filters.heuristic.is_prefixed_with_dollar_sign"
    },
    {
      "path": "detect_secrets.filters.heuristic.is_sequential_string"
    },
    {
      "path": "detect_secrets.filters.heuristic.is_swagger_file"
    },
    {
      "path": "detect_secrets.filters.heuristic.is_templated_secret"
    }
  ],
  "results": {
    "src/finops/connectors/universal.py": [
      {
        "type": "Secret Keyword",
        "filename": "src/finops/connectors/universal.py",
        "hashed_secret": "b0cae7423e9c15d20cb699e64a9ebf9724c59816",
        "is_verified": false,
        "line_number": 52
      }
    ],
    "src/finops/license.py": [
      {
        "type": "Base64 High Entropy String",
        "filename": "src/finops/license.py",
        "hashed_secret": "282496c7bd7bedccbfe883447437ca383b1d3802",
        "is_verified": false,
        "line_number": 61
      }
    ],
    "src/finops/storage/db.py": [
      {
        "type": "Basic Auth Credentials",
        "filename": "src/finops/storage/db.py",
        "hashed_secret": "9d4e1e23bd5b727046a9e3b4b7db57bd8d6ee684",
        "is_verified": false,
        "line_number": 5
      }
    ],
    "src/finops/tools/cost_queries.py": [
      {
        "type": "Basic Auth Credentials",
        "filename": "src/finops/tools/cost_queries.py",
        "hashed_secret": "9d4e1e23bd5b727046a9e3b4b7db57bd8d6ee684",
        "is_verified": false,
        "line_number": 683
      }
    ],
    "tests/connectors/test_notion.py": [
      {
        "type": "Secret Keyword",
        "filename": "tests/connectors/test_notion.py",
        "hashed_secret": "cf27add3cb4cb83efe9a48cf7289068fa869c4cd",
        "is_verified": false,
        "line_number": 72
      }
    ],
    "tests/connectors/test_stripe_business_snapshot.py": [
      {
        "type": "Secret Keyword",
        "filename": "tests/connectors/test_stripe_business_snapshot.py",
        "hashed_secret": "d923982e65a0d79eff6476adf2c12aa4385d590c",
        "is_verified": false,
        "line_number": 137
      }
    ],
    "tests/test_azure_cloudshell.py": [
      {
        "type": "Secret Keyword",
        "filename": "tests/test_azure_cloudshell.py",
        "hashed_secret": "ba79cc326c2658474881a3d33afca001aa44a6db",
        "is_verified": false,
        "line_number": 93
      },
      {
        "type": "Secret Keyword",
        "filename": "tests/test_azure_cloudshell.py",
        "hashed_secret": "f28fe6e2eadbbcafd0446c6c27061c2ad0f9bbae",
        "is_verified": false,
        "line_number": 121
      }
    ],
    "tests/test_license_v2.py": [
      {
        "type": "Base64 High Entropy String",
        "filename": "tests/test_license_v2.py",
        "hashed_secret": "e55a0e15359bf73efda0bc4f6ad380ae39284fa2",
        "is_verified": false,
        "line_number": 18
      },
      {
        "type": "Base64 High Entropy String",
        "filename": "tests/test_license_v2.py",
        "hashed_secret": "3b7e8b9c29cc21193635370175fb5c7007eb6755",
        "is_verified": false,
        "line_number": 19
      },
      {
        "type": "Base64 High Entropy String",
        "filename": "tests/test_license_v2.py",
        "hashed_secret": "5c38c9f262eb4820ced7099fffb1616fcf01d1bb",
        "is_verified": false,
        "line_number": 62
      }
    ],
    "tests/test_llm_gateways.py": [
      {
        "type": "Secret Keyword",
        "filename": "tests/test_llm_gateways.py",
        "hashed_secret": "2be5552460655eed857c69ecc822ca719ecd6463",
        "is_verified": false,
        "line_number": 65
      }
    ],
    "tests/test_login_activation.py": [
      {
        "type": "Base64 High Entropy String",
        "filename": "tests/test_login_activation.py",
        "hashed_secret": "e55a0e15359bf73efda0bc4f6ad380ae39284fa2",
        "is_verified": false,
        "line_number": 13
      },
      {
        "type": "Base64 High Entropy String",
        "filename": "tests/test_login_activation.py",
        "hashed_secret": "3b7e8b9c29cc21193635370175fb5c7007eb6755",
        "is_verified": false,
        "line_number": 14
      }
    ],
    "tests/test_onboarding_fixes.py": [
      {
        "type": "AWS Access Key",
        "filename": "tests/test_onboarding_fixes.py",
        "hashed_secret": "abac545fc3bf803134bc8f78fb6160a5c6a87b26",
        "is_verified": false,
        "line_number": 202
      },
      {
        "type": "Secret Keyword",
        "filename": "tests/test_onboarding_fixes.py",
        "hashed_secret": "cc5a2c74fa0a7e914a7f03afa1f7d319257a09a3",
        "is_verified": false,
        "line_number": 203
      }
    ],
    "tests/test_setup_scan.py": [
      {
        "type": "Secret Keyword",
        "filename": "tests/test_setup_scan.py",
        "hashed_secret": "aa5256be4608ac09575f760230bb729bd944deef",
        "is_verified": false,
        "line_number": 34
      },
      {
        "type": "Secret Keyword",
        "filename": "tests/test_setup_scan.py",
        "hashed_secret": "4b251c3dfbd3cbb41a15db457c0c2aa7dd1f9afd",
        "is_verified": false,
        "line_number": 91
      }
    ],
    "tests/test_team_tier.py": [
      {
        "type": "Base64 High Entropy String",
        "filename": "tests/test_team_tier.py",
        "hashed_secret": "e55a0e15359bf73efda0bc4f6ad380ae39284fa2",
        "is_verified": false,
        "line_number": 40
      },
      {
        "type": "Base64 High Entropy String",
        "filename": "tests/test_team_tier.py",
        "hashed_secret": "3b7e8b9c29cc21193635370175fb5c7007eb6755",
        "is_verified": false,
        "line_number": 41
      }
    ]
  },
  "generated_at": "2026-07-19T19:29:28Z"
}
